// Jest Snapshot v1, https://goo.gl/fbAQLP

exports[`App should be like snapshot 1`] = `
ShallowWrapper {
  "length": 1,
  Symbol(enzyme.__root__): [Circular],
  Symbol(enzyme.__unrendered__): <App />,
  Symbol(enzyme.__renderer__): Object {
    "batchedUpdates": [Function],
    "getNode": [Function],
    "render": [Function],
    "simulateEvent": [Function],
    "unmount": [Function],
  },
  Symbol(enzyme.__node__): Object {
    "instance": null,
    "key": undefined,
    "nodeType": "class",
    "props": Object {
      "children": <ErrorBoundary>
        <Header
          appState="search page"
          goToSearchPage={[Function]}
          items={
            Array [
              Object {
                "budget": 8000000,
                "genres": Array [
                  "Thriller",
                  "Crime",
                ],
                "id": 680,
                "overview": "A burger-loving hit man, his philosophical partner, a drug-addled gangster's moll and a washed-up boxer converge in this sprawling, comedic crime caper. Their adventures unfurl in three stories that ingeniously trip back and forth in time.",
                "poster_path": "https://image.tmdb.org/t/p/w500/dM2w364MScsjFf8pfMbaWUcWrR.jpg",
                "release_date": "1994-09-10",
                "revenue": 213928762,
                "runtime": 154,
                "tagline": "Just because you are a character doesn't mean you have character.",
                "title": "Pulp Fiction",
                "vote_average": 8.3,
                "vote_count": 10910,
              },
              Object {
                "budget": 0,
                "genres": Array [
                  "Action",
                  "Adventure",
                  "Science Fiction",
                ],
                "id": 447365,
                "overview": "The third film based on Marvel's Guardians of the Galaxy.",
                "poster_path": "https://image.tmdb.org/t/p/w500/ldoY4fTZkGISMidNw60GHoNdgP8.jpg",
                "release_date": "2020-05-01",
                "revenue": 0,
                "runtime": null,
                "tagline": "",
                "title": "Guardians of the Galaxy Vol. 3",
                "vote_average": 0,
                "vote_count": 9,
              },
              Object {
                "budget": 0,
                "genres": Array [
                  "Science Fiction",
                  "Action",
                  "Adventure",
                ],
                "id": 424785,
                "overview": "Plot unknown.",
                "poster_path": "https://image.tmdb.org/t/p/w500/432BowXw7a4fWXSONxBaFKqvW4f.jpg",
                "release_date": "2019-06-26",
                "revenue": 0,
                "runtime": null,
                "tagline": "",
                "title": "Transformers 7",
                "vote_average": 0,
                "vote_count": 0,
              },
              Object {
                "budget": 0,
                "genres": Array [
                  "Action",
                  "Adventure",
                  "Science Fiction",
                ],
                "id": 299534,
                "overview": "The culmination of the Marvel Cinematic Universe.",
                "poster_path": "https://image.tmdb.org/t/p/w500/aMETsaNNcDc6g5ZatQtVbySnSaA.jpg",
                "release_date": "2019-04-24",
                "revenue": 0,
                "runtime": null,
                "tagline": "",
                "title": "Untitled Avengers",
                "vote_average": 0,
                "vote_count": 9,
              },
              Object {
                "budget": 0,
                "genres": Array [
                  "Action",
                  "Adventure",
                  "Fantasy",
                  "Science Fiction",
                ],
                "id": 287947,
                "overview": "We all have a superhero inside us, it just takes a bit of magic to bring it out. In Billy Batson's case, by shouting out one word--SHAZAM!--this streetwise 14-year-old foster kid can turn into the adult superhero Shazam, courtesy of an ancient wizard.Still a kid at heart--inside a ripped, godlike body--Shazam revels in this adult version of himself by doing what any teen would do with superpowers: have fun with them! Can he fly? Does he have X-ray vision? Can he shoot lightning out of his hands? Can he skip his social studies test? Shazam sets out to test the limits of his abilities with the joyful recklessness of a child. But he'll need to master these powers quickly in order to fight the deadly forces of evil controlled by Doctor Thaddeus Sivana.",
                "poster_path": "https://image.tmdb.org/t/p/w500/yUOJHa9XmB1H0iYodG9Kb3YCc9T.jpg",
                "release_date": "2019-04-05",
                "revenue": 0,
                "runtime": null,
                "tagline": "",
                "title": "Shazam!",
                "vote_average": 0,
                "vote_count": 5,
              },
            ]
          }
          onSearch={[Function]}
          searchBy="title"
          selectedItem={null}
          sortBy="release_date"
          value=""
        />
        <Items
          appState="search page"
          items={
            Array [
              Object {
                "budget": 8000000,
                "genres": Array [
                  "Thriller",
                  "Crime",
                ],
                "id": 680,
                "overview": "A burger-loving hit man, his philosophical partner, a drug-addled gangster's moll and a washed-up boxer converge in this sprawling, comedic crime caper. Their adventures unfurl in three stories that ingeniously trip back and forth in time.",
                "poster_path": "https://image.tmdb.org/t/p/w500/dM2w364MScsjFf8pfMbaWUcWrR.jpg",
                "release_date": "1994-09-10",
                "revenue": 213928762,
                "runtime": 154,
                "tagline": "Just because you are a character doesn't mean you have character.",
                "title": "Pulp Fiction",
                "vote_average": 8.3,
                "vote_count": 10910,
              },
              Object {
                "budget": 0,
                "genres": Array [
                  "Action",
                  "Adventure",
                  "Science Fiction",
                ],
                "id": 447365,
                "overview": "The third film based on Marvel's Guardians of the Galaxy.",
                "poster_path": "https://image.tmdb.org/t/p/w500/ldoY4fTZkGISMidNw60GHoNdgP8.jpg",
                "release_date": "2020-05-01",
                "revenue": 0,
                "runtime": null,
                "tagline": "",
                "title": "Guardians of the Galaxy Vol. 3",
                "vote_average": 0,
                "vote_count": 9,
              },
              Object {
                "budget": 0,
                "genres": Array [
                  "Science Fiction",
                  "Action",
                  "Adventure",
                ],
                "id": 424785,
                "overview": "Plot unknown.",
                "poster_path": "https://image.tmdb.org/t/p/w500/432BowXw7a4fWXSONxBaFKqvW4f.jpg",
                "release_date": "2019-06-26",
                "revenue": 0,
                "runtime": null,
                "tagline": "",
                "title": "Transformers 7",
                "vote_average": 0,
                "vote_count": 0,
              },
              Object {
                "budget": 0,
                "genres": Array [
                  "Action",
                  "Adventure",
                  "Science Fiction",
                ],
                "id": 299534,
                "overview": "The culmination of the Marvel Cinematic Universe.",
                "poster_path": "https://image.tmdb.org/t/p/w500/aMETsaNNcDc6g5ZatQtVbySnSaA.jpg",
                "release_date": "2019-04-24",
                "revenue": 0,
                "runtime": null,
                "tagline": "",
                "title": "Untitled Avengers",
                "vote_average": 0,
                "vote_count": 9,
              },
              Object {
                "budget": 0,
                "genres": Array [
                  "Action",
                  "Adventure",
                  "Fantasy",
                  "Science Fiction",
                ],
                "id": 287947,
                "overview": "We all have a superhero inside us, it just takes a bit of magic to bring it out. In Billy Batson's case, by shouting out one word--SHAZAM!--this streetwise 14-year-old foster kid can turn into the adult superhero Shazam, courtesy of an ancient wizard.Still a kid at heart--inside a ripped, godlike body--Shazam revels in this adult version of himself by doing what any teen would do with superpowers: have fun with them! Can he fly? Does he have X-ray vision? Can he shoot lightning out of his hands? Can he skip his social studies test? Shazam sets out to test the limits of his abilities with the joyful recklessness of a child. But he'll need to master these powers quickly in order to fight the deadly forces of evil controlled by Doctor Thaddeus Sivana.",
                "poster_path": "https://image.tmdb.org/t/p/w500/yUOJHa9XmB1H0iYodG9Kb3YCc9T.jpg",
                "release_date": "2019-04-05",
                "revenue": 0,
                "runtime": null,
                "tagline": "",
                "title": "Shazam!",
                "vote_average": 0,
                "vote_count": 5,
              },
            ]
          }
          onItemClick={[Function]}
          searchBy="title"
          selectedItem={null}
          sortBy="release_date"
          value=""
        />
        <Footer />
      </ErrorBoundary>,
    },
    "ref": null,
    "rendered": Object {
      "instance": null,
      "key": undefined,
      "nodeType": "class",
      "props": Object {
        "children": Array [
          <Header
            appState="search page"
            goToSearchPage={[Function]}
            items={
              Array [
                Object {
                  "budget": 8000000,
                  "genres": Array [
                    "Thriller",
                    "Crime",
                  ],
                  "id": 680,
                  "overview": "A burger-loving hit man, his philosophical partner, a drug-addled gangster's moll and a washed-up boxer converge in this sprawling, comedic crime caper. Their adventures unfurl in three stories that ingeniously trip back and forth in time.",
                  "poster_path": "https://image.tmdb.org/t/p/w500/dM2w364MScsjFf8pfMbaWUcWrR.jpg",
                  "release_date": "1994-09-10",
                  "revenue": 213928762,
                  "runtime": 154,
                  "tagline": "Just because you are a character doesn't mean you have character.",
                  "title": "Pulp Fiction",
                  "vote_average": 8.3,
                  "vote_count": 10910,
                },
                Object {
                  "budget": 0,
                  "genres": Array [
                    "Action",
                    "Adventure",
                    "Science Fiction",
                  ],
                  "id": 447365,
                  "overview": "The third film based on Marvel's Guardians of the Galaxy.",
                  "poster_path": "https://image.tmdb.org/t/p/w500/ldoY4fTZkGISMidNw60GHoNdgP8.jpg",
                  "release_date": "2020-05-01",
                  "revenue": 0,
                  "runtime": null,
                  "tagline": "",
                  "title": "Guardians of the Galaxy Vol. 3",
                  "vote_average": 0,
                  "vote_count": 9,
                },
                Object {
                  "budget": 0,
                  "genres": Array [
                    "Science Fiction",
                    "Action",
                    "Adventure",
                  ],
                  "id": 424785,
                  "overview": "Plot unknown.",
                  "poster_path": "https://image.tmdb.org/t/p/w500/432BowXw7a4fWXSONxBaFKqvW4f.jpg",
                  "release_date": "2019-06-26",
                  "revenue": 0,
                  "runtime": null,
                  "tagline": "",
                  "title": "Transformers 7",
                  "vote_average": 0,
                  "vote_count": 0,
                },
                Object {
                  "budget": 0,
                  "genres": Array [
                    "Action",
                    "Adventure",
                    "Science Fiction",
                  ],
                  "id": 299534,
                  "overview": "The culmination of the Marvel Cinematic Universe.",
                  "poster_path": "https://image.tmdb.org/t/p/w500/aMETsaNNcDc6g5ZatQtVbySnSaA.jpg",
                  "release_date": "2019-04-24",
                  "revenue": 0,
                  "runtime": null,
                  "tagline": "",
                  "title": "Untitled Avengers",
                  "vote_average": 0,
                  "vote_count": 9,
                },
                Object {
                  "budget": 0,
                  "genres": Array [
                    "Action",
                    "Adventure",
                    "Fantasy",
                    "Science Fiction",
                  ],
                  "id": 287947,
                  "overview": "We all have a superhero inside us, it just takes a bit of magic to bring it out. In Billy Batson's case, by shouting out one word--SHAZAM!--this streetwise 14-year-old foster kid can turn into the adult superhero Shazam, courtesy of an ancient wizard.Still a kid at heart--inside a ripped, godlike body--Shazam revels in this adult version of himself by doing what any teen would do with superpowers: have fun with them! Can he fly? Does he have X-ray vision? Can he shoot lightning out of his hands? Can he skip his social studies test? Shazam sets out to test the limits of his abilities with the joyful recklessness of a child. But he'll need to master these powers quickly in order to fight the deadly forces of evil controlled by Doctor Thaddeus Sivana.",
                  "poster_path": "https://image.tmdb.org/t/p/w500/yUOJHa9XmB1H0iYodG9Kb3YCc9T.jpg",
                  "release_date": "2019-04-05",
                  "revenue": 0,
                  "runtime": null,
                  "tagline": "",
                  "title": "Shazam!",
                  "vote_average": 0,
                  "vote_count": 5,
                },
              ]
            }
            onSearch={[Function]}
            searchBy="title"
            selectedItem={null}
            sortBy="release_date"
            value=""
          />,
          <Items
            appState="search page"
            items={
              Array [
                Object {
                  "budget": 8000000,
                  "genres": Array [
                    "Thriller",
                    "Crime",
                  ],
                  "id": 680,
                  "overview": "A burger-loving hit man, his philosophical partner, a drug-addled gangster's moll and a washed-up boxer converge in this sprawling, comedic crime caper. Their adventures unfurl in three stories that ingeniously trip back and forth in time.",
                  "poster_path": "https://image.tmdb.org/t/p/w500/dM2w364MScsjFf8pfMbaWUcWrR.jpg",
                  "release_date": "1994-09-10",
                  "revenue": 213928762,
                  "runtime": 154,
                  "tagline": "Just because you are a character doesn't mean you have character.",
                  "title": "Pulp Fiction",
                  "vote_average": 8.3,
                  "vote_count": 10910,
                },
                Object {
                  "budget": 0,
                  "genres": Array [
                    "Action",
                    "Adventure",
                    "Science Fiction",
                  ],
                  "id": 447365,
                  "overview": "The third film based on Marvel's Guardians of the Galaxy.",
                  "poster_path": "https://image.tmdb.org/t/p/w500/ldoY4fTZkGISMidNw60GHoNdgP8.jpg",
                  "release_date": "2020-05-01",
                  "revenue": 0,
                  "runtime": null,
                  "tagline": "",
                  "title": "Guardians of the Galaxy Vol. 3",
                  "vote_average": 0,
                  "vote_count": 9,
                },
                Object {
                  "budget": 0,
                  "genres": Array [
                    "Science Fiction",
                    "Action",
                    "Adventure",
                  ],
                  "id": 424785,
                  "overview": "Plot unknown.",
                  "poster_path": "https://image.tmdb.org/t/p/w500/432BowXw7a4fWXSONxBaFKqvW4f.jpg",
                  "release_date": "2019-06-26",
                  "revenue": 0,
                  "runtime": null,
                  "tagline": "",
                  "title": "Transformers 7",
                  "vote_average": 0,
                  "vote_count": 0,
                },
                Object {
                  "budget": 0,
                  "genres": Array [
                    "Action",
                    "Adventure",
                    "Science Fiction",
                  ],
                  "id": 299534,
                  "overview": "The culmination of the Marvel Cinematic Universe.",
                  "poster_path": "https://image.tmdb.org/t/p/w500/aMETsaNNcDc6g5ZatQtVbySnSaA.jpg",
                  "release_date": "2019-04-24",
                  "revenue": 0,
                  "runtime": null,
                  "tagline": "",
                  "title": "Untitled Avengers",
                  "vote_average": 0,
                  "vote_count": 9,
                },
                Object {
                  "budget": 0,
                  "genres": Array [
                    "Action",
                    "Adventure",
                    "Fantasy",
                    "Science Fiction",
                  ],
                  "id": 287947,
                  "overview": "We all have a superhero inside us, it just takes a bit of magic to bring it out. In Billy Batson's case, by shouting out one word--SHAZAM!--this streetwise 14-year-old foster kid can turn into the adult superhero Shazam, courtesy of an ancient wizard.Still a kid at heart--inside a ripped, godlike body--Shazam revels in this adult version of himself by doing what any teen would do with superpowers: have fun with them! Can he fly? Does he have X-ray vision? Can he shoot lightning out of his hands? Can he skip his social studies test? Shazam sets out to test the limits of his abilities with the joyful recklessness of a child. But he'll need to master these powers quickly in order to fight the deadly forces of evil controlled by Doctor Thaddeus Sivana.",
                  "poster_path": "https://image.tmdb.org/t/p/w500/yUOJHa9XmB1H0iYodG9Kb3YCc9T.jpg",
                  "release_date": "2019-04-05",
                  "revenue": 0,
                  "runtime": null,
                  "tagline": "",
                  "title": "Shazam!",
                  "vote_average": 0,
                  "vote_count": 5,
                },
              ]
            }
            onItemClick={[Function]}
            searchBy="title"
            selectedItem={null}
            sortBy="release_date"
            value=""
          />,
          <Footer />,
        ],
      },
      "ref": null,
      "rendered": Array [
        Object {
          "instance": null,
          "key": undefined,
          "nodeType": "class",
          "props": Object {
            "appState": "search page",
            "goToSearchPage": [Function],
            "items": Array [
              Object {
                "budget": 8000000,
                "genres": Array [
                  "Thriller",
                  "Crime",
                ],
                "id": 680,
                "overview": "A burger-loving hit man, his philosophical partner, a drug-addled gangster's moll and a washed-up boxer converge in this sprawling, comedic crime caper. Their adventures unfurl in three stories that ingeniously trip back and forth in time.",
                "poster_path": "https://image.tmdb.org/t/p/w500/dM2w364MScsjFf8pfMbaWUcWrR.jpg",
                "release_date": "1994-09-10",
                "revenue": 213928762,
                "runtime": 154,
                "tagline": "Just because you are a character doesn't mean you have character.",
                "title": "Pulp Fiction",
                "vote_average": 8.3,
                "vote_count": 10910,
              },
              Object {
                "budget": 0,
                "genres": Array [
                  "Action",
                  "Adventure",
                  "Science Fiction",
                ],
                "id": 447365,
                "overview": "The third film based on Marvel's Guardians of the Galaxy.",
                "poster_path": "https://image.tmdb.org/t/p/w500/ldoY4fTZkGISMidNw60GHoNdgP8.jpg",
                "release_date": "2020-05-01",
                "revenue": 0,
                "runtime": null,
                "tagline": "",
                "title": "Guardians of the Galaxy Vol. 3",
                "vote_average": 0,
                "vote_count": 9,
              },
              Object {
                "budget": 0,
                "genres": Array [
                  "Science Fiction",
                  "Action",
                  "Adventure",
                ],
                "id": 424785,
                "overview": "Plot unknown.",
                "poster_path": "https://image.tmdb.org/t/p/w500/432BowXw7a4fWXSONxBaFKqvW4f.jpg",
                "release_date": "2019-06-26",
                "revenue": 0,
                "runtime": null,
                "tagline": "",
                "title": "Transformers 7",
                "vote_average": 0,
                "vote_count": 0,
              },
              Object {
                "budget": 0,
                "genres": Array [
                  "Action",
                  "Adventure",
                  "Science Fiction",
                ],
                "id": 299534,
                "overview": "The culmination of the Marvel Cinematic Universe.",
                "poster_path": "https://image.tmdb.org/t/p/w500/aMETsaNNcDc6g5ZatQtVbySnSaA.jpg",
                "release_date": "2019-04-24",
                "revenue": 0,
                "runtime": null,
                "tagline": "",
                "title": "Untitled Avengers",
                "vote_average": 0,
                "vote_count": 9,
              },
              Object {
                "budget": 0,
                "genres": Array [
                  "Action",
                  "Adventure",
                  "Fantasy",
                  "Science Fiction",
                ],
                "id": 287947,
                "overview": "We all have a superhero inside us, it just takes a bit of magic to bring it out. In Billy Batson's case, by shouting out one word--SHAZAM!--this streetwise 14-year-old foster kid can turn into the adult superhero Shazam, courtesy of an ancient wizard.Still a kid at heart--inside a ripped, godlike body--Shazam revels in this adult version of himself by doing what any teen would do with superpowers: have fun with them! Can he fly? Does he have X-ray vision? Can he shoot lightning out of his hands? Can he skip his social studies test? Shazam sets out to test the limits of his abilities with the joyful recklessness of a child. But he'll need to master these powers quickly in order to fight the deadly forces of evil controlled by Doctor Thaddeus Sivana.",
                "poster_path": "https://image.tmdb.org/t/p/w500/yUOJHa9XmB1H0iYodG9Kb3YCc9T.jpg",
                "release_date": "2019-04-05",
                "revenue": 0,
                "runtime": null,
                "tagline": "",
                "title": "Shazam!",
                "vote_average": 0,
                "vote_count": 5,
              },
            ],
            "onSearch": [Function],
            "searchBy": "title",
            "selectedItem": null,
            "sortBy": "release_date",
            "value": "",
          },
          "ref": null,
          "rendered": null,
          "type": [Function],
        },
        Object {
          "instance": null,
          "key": undefined,
          "nodeType": "class",
          "props": Object {
            "appState": "search page",
            "items": Array [
              Object {
                "budget": 8000000,
                "genres": Array [
                  "Thriller",
                  "Crime",
                ],
                "id": 680,
                "overview": "A burger-loving hit man, his philosophical partner, a drug-addled gangster's moll and a washed-up boxer converge in this sprawling, comedic crime caper. Their adventures unfurl in three stories that ingeniously trip back and forth in time.",
                "poster_path": "https://image.tmdb.org/t/p/w500/dM2w364MScsjFf8pfMbaWUcWrR.jpg",
                "release_date": "1994-09-10",
                "revenue": 213928762,
                "runtime": 154,
                "tagline": "Just because you are a character doesn't mean you have character.",
                "title": "Pulp Fiction",
                "vote_average": 8.3,
                "vote_count": 10910,
              },
              Object {
                "budget": 0,
                "genres": Array [
                  "Action",
                  "Adventure",
                  "Science Fiction",
                ],
                "id": 447365,
                "overview": "The third film based on Marvel's Guardians of the Galaxy.",
                "poster_path": "https://image.tmdb.org/t/p/w500/ldoY4fTZkGISMidNw60GHoNdgP8.jpg",
                "release_date": "2020-05-01",
                "revenue": 0,
                "runtime": null,
                "tagline": "",
                "title": "Guardians of the Galaxy Vol. 3",
                "vote_average": 0,
                "vote_count": 9,
              },
              Object {
                "budget": 0,
                "genres": Array [
                  "Science Fiction",
                  "Action",
                  "Adventure",
                ],
                "id": 424785,
                "overview": "Plot unknown.",
                "poster_path": "https://image.tmdb.org/t/p/w500/432BowXw7a4fWXSONxBaFKqvW4f.jpg",
                "release_date": "2019-06-26",
                "revenue": 0,
                "runtime": null,
                "tagline": "",
                "title": "Transformers 7",
                "vote_average": 0,
                "vote_count": 0,
              },
              Object {
                "budget": 0,
                "genres": Array [
                  "Action",
                  "Adventure",
                  "Science Fiction",
                ],
                "id": 299534,
                "overview": "The culmination of the Marvel Cinematic Universe.",
                "poster_path": "https://image.tmdb.org/t/p/w500/aMETsaNNcDc6g5ZatQtVbySnSaA.jpg",
                "release_date": "2019-04-24",
                "revenue": 0,
                "runtime": null,
                "tagline": "",
                "title": "Untitled Avengers",
                "vote_average": 0,
                "vote_count": 9,
              },
              Object {
                "budget": 0,
                "genres": Array [
                  "Action",
                  "Adventure",
                  "Fantasy",
                  "Science Fiction",
                ],
                "id": 287947,
                "overview": "We all have a superhero inside us, it just takes a bit of magic to bring it out. In Billy Batson's case, by shouting out one word--SHAZAM!--this streetwise 14-year-old foster kid can turn into the adult superhero Shazam, courtesy of an ancient wizard.Still a kid at heart--inside a ripped, godlike body--Shazam revels in this adult version of himself by doing what any teen would do with superpowers: have fun with them! Can he fly? Does he have X-ray vision? Can he shoot lightning out of his hands? Can he skip his social studies test? Shazam sets out to test the limits of his abilities with the joyful recklessness of a child. But he'll need to master these powers quickly in order to fight the deadly forces of evil controlled by Doctor Thaddeus Sivana.",
                "poster_path": "https://image.tmdb.org/t/p/w500/yUOJHa9XmB1H0iYodG9Kb3YCc9T.jpg",
                "release_date": "2019-04-05",
                "revenue": 0,
                "runtime": null,
                "tagline": "",
                "title": "Shazam!",
                "vote_average": 0,
                "vote_count": 5,
              },
            ],
            "onItemClick": [Function],
            "searchBy": "title",
            "selectedItem": null,
            "sortBy": "release_date",
            "value": "",
          },
          "ref": null,
          "rendered": null,
          "type": [Function],
        },
        Object {
          "instance": null,
          "key": undefined,
          "nodeType": "class",
          "props": Object {},
          "ref": null,
          "rendered": null,
          "type": [Function],
        },
      ],
      "type": [Function],
    },
    "type": [Function],
  },
  Symbol(enzyme.__nodes__): Array [
    Object {
      "instance": null,
      "key": undefined,
      "nodeType": "class",
      "props": Object {
        "children": <ErrorBoundary>
          <Header
            appState="search page"
            goToSearchPage={[Function]}
            items={
              Array [
                Object {
                  "budget": 8000000,
                  "genres": Array [
                    "Thriller",
                    "Crime",
                  ],
                  "id": 680,
                  "overview": "A burger-loving hit man, his philosophical partner, a drug-addled gangster's moll and a washed-up boxer converge in this sprawling, comedic crime caper. Their adventures unfurl in three stories that ingeniously trip back and forth in time.",
                  "poster_path": "https://image.tmdb.org/t/p/w500/dM2w364MScsjFf8pfMbaWUcWrR.jpg",
                  "release_date": "1994-09-10",
                  "revenue": 213928762,
                  "runtime": 154,
                  "tagline": "Just because you are a character doesn't mean you have character.",
                  "title": "Pulp Fiction",
                  "vote_average": 8.3,
                  "vote_count": 10910,
                },
                Object {
                  "budget": 0,
                  "genres": Array [
                    "Action",
                    "Adventure",
                    "Science Fiction",
                  ],
                  "id": 447365,
                  "overview": "The third film based on Marvel's Guardians of the Galaxy.",
                  "poster_path": "https://image.tmdb.org/t/p/w500/ldoY4fTZkGISMidNw60GHoNdgP8.jpg",
                  "release_date": "2020-05-01",
                  "revenue": 0,
                  "runtime": null,
                  "tagline": "",
                  "title": "Guardians of the Galaxy Vol. 3",
                  "vote_average": 0,
                  "vote_count": 9,
                },
                Object {
                  "budget": 0,
                  "genres": Array [
                    "Science Fiction",
                    "Action",
                    "Adventure",
                  ],
                  "id": 424785,
                  "overview": "Plot unknown.",
                  "poster_path": "https://image.tmdb.org/t/p/w500/432BowXw7a4fWXSONxBaFKqvW4f.jpg",
                  "release_date": "2019-06-26",
                  "revenue": 0,
                  "runtime": null,
                  "tagline": "",
                  "title": "Transformers 7",
                  "vote_average": 0,
                  "vote_count": 0,
                },
                Object {
                  "budget": 0,
                  "genres": Array [
                    "Action",
                    "Adventure",
                    "Science Fiction",
                  ],
                  "id": 299534,
                  "overview": "The culmination of the Marvel Cinematic Universe.",
                  "poster_path": "https://image.tmdb.org/t/p/w500/aMETsaNNcDc6g5ZatQtVbySnSaA.jpg",
                  "release_date": "2019-04-24",
                  "revenue": 0,
                  "runtime": null,
                  "tagline": "",
                  "title": "Untitled Avengers",
                  "vote_average": 0,
                  "vote_count": 9,
                },
                Object {
                  "budget": 0,
                  "genres": Array [
                    "Action",
                    "Adventure",
                    "Fantasy",
                    "Science Fiction",
                  ],
                  "id": 287947,
                  "overview": "We all have a superhero inside us, it just takes a bit of magic to bring it out. In Billy Batson's case, by shouting out one word--SHAZAM!--this streetwise 14-year-old foster kid can turn into the adult superhero Shazam, courtesy of an ancient wizard.Still a kid at heart--inside a ripped, godlike body--Shazam revels in this adult version of himself by doing what any teen would do with superpowers: have fun with them! Can he fly? Does he have X-ray vision? Can he shoot lightning out of his hands? Can he skip his social studies test? Shazam sets out to test the limits of his abilities with the joyful recklessness of a child. But he'll need to master these powers quickly in order to fight the deadly forces of evil controlled by Doctor Thaddeus Sivana.",
                  "poster_path": "https://image.tmdb.org/t/p/w500/yUOJHa9XmB1H0iYodG9Kb3YCc9T.jpg",
                  "release_date": "2019-04-05",
                  "revenue": 0,
                  "runtime": null,
                  "tagline": "",
                  "title": "Shazam!",
                  "vote_average": 0,
                  "vote_count": 5,
                },
              ]
            }
            onSearch={[Function]}
            searchBy="title"
            selectedItem={null}
            sortBy="release_date"
            value=""
          />
          <Items
            appState="search page"
            items={
              Array [
                Object {
                  "budget": 8000000,
                  "genres": Array [
                    "Thriller",
                    "Crime",
                  ],
                  "id": 680,
                  "overview": "A burger-loving hit man, his philosophical partner, a drug-addled gangster's moll and a washed-up boxer converge in this sprawling, comedic crime caper. Their adventures unfurl in three stories that ingeniously trip back and forth in time.",
                  "poster_path": "https://image.tmdb.org/t/p/w500/dM2w364MScsjFf8pfMbaWUcWrR.jpg",
                  "release_date": "1994-09-10",
                  "revenue": 213928762,
                  "runtime": 154,
                  "tagline": "Just because you are a character doesn't mean you have character.",
                  "title": "Pulp Fiction",
                  "vote_average": 8.3,
                  "vote_count": 10910,
                },
                Object {
                  "budget": 0,
                  "genres": Array [
                    "Action",
                    "Adventure",
                    "Science Fiction",
                  ],
                  "id": 447365,
                  "overview": "The third film based on Marvel's Guardians of the Galaxy.",
                  "poster_path": "https://image.tmdb.org/t/p/w500/ldoY4fTZkGISMidNw60GHoNdgP8.jpg",
                  "release_date": "2020-05-01",
                  "revenue": 0,
                  "runtime": null,
                  "tagline": "",
                  "title": "Guardians of the Galaxy Vol. 3",
                  "vote_average": 0,
                  "vote_count": 9,
                },
                Object {
                  "budget": 0,
                  "genres": Array [
                    "Science Fiction",
                    "Action",
                    "Adventure",
                  ],
                  "id": 424785,
                  "overview": "Plot unknown.",
                  "poster_path": "https://image.tmdb.org/t/p/w500/432BowXw7a4fWXSONxBaFKqvW4f.jpg",
                  "release_date": "2019-06-26",
                  "revenue": 0,
                  "runtime": null,
                  "tagline": "",
                  "title": "Transformers 7",
                  "vote_average": 0,
                  "vote_count": 0,
                },
                Object {
                  "budget": 0,
                  "genres": Array [
                    "Action",
                    "Adventure",
                    "Science Fiction",
                  ],
                  "id": 299534,
                  "overview": "The culmination of the Marvel Cinematic Universe.",
                  "poster_path": "https://image.tmdb.org/t/p/w500/aMETsaNNcDc6g5ZatQtVbySnSaA.jpg",
                  "release_date": "2019-04-24",
                  "revenue": 0,
                  "runtime": null,
                  "tagline": "",
                  "title": "Untitled Avengers",
                  "vote_average": 0,
                  "vote_count": 9,
                },
                Object {
                  "budget": 0,
                  "genres": Array [
                    "Action",
                    "Adventure",
                    "Fantasy",
                    "Science Fiction",
                  ],
                  "id": 287947,
                  "overview": "We all have a superhero inside us, it just takes a bit of magic to bring it out. In Billy Batson's case, by shouting out one word--SHAZAM!--this streetwise 14-year-old foster kid can turn into the adult superhero Shazam, courtesy of an ancient wizard.Still a kid at heart--inside a ripped, godlike body--Shazam revels in this adult version of himself by doing what any teen would do with superpowers: have fun with them! Can he fly? Does he have X-ray vision? Can he shoot lightning out of his hands? Can he skip his social studies test? Shazam sets out to test the limits of his abilities with the joyful recklessness of a child. But he'll need to master these powers quickly in order to fight the deadly forces of evil controlled by Doctor Thaddeus Sivana.",
                  "poster_path": "https://image.tmdb.org/t/p/w500/yUOJHa9XmB1H0iYodG9Kb3YCc9T.jpg",
                  "release_date": "2019-04-05",
                  "revenue": 0,
                  "runtime": null,
                  "tagline": "",
                  "title": "Shazam!",
                  "vote_average": 0,
                  "vote_count": 5,
                },
              ]
            }
            onItemClick={[Function]}
            searchBy="title"
            selectedItem={null}
            sortBy="release_date"
            value=""
          />
          <Footer />
        </ErrorBoundary>,
      },
      "ref": null,
      "rendered": Object {
        "instance": null,
        "key": undefined,
        "nodeType": "class",
        "props": Object {
          "children": Array [
            <Header
              appState="search page"
              goToSearchPage={[Function]}
              items={
                Array [
                  Object {
                    "budget": 8000000,
                    "genres": Array [
                      "Thriller",
                      "Crime",
                    ],
                    "id": 680,
                    "overview": "A burger-loving hit man, his philosophical partner, a drug-addled gangster's moll and a washed-up boxer converge in this sprawling, comedic crime caper. Their adventures unfurl in three stories that ingeniously trip back and forth in time.",
                    "poster_path": "https://image.tmdb.org/t/p/w500/dM2w364MScsjFf8pfMbaWUcWrR.jpg",
                    "release_date": "1994-09-10",
                    "revenue": 213928762,
                    "runtime": 154,
                    "tagline": "Just because you are a character doesn't mean you have character.",
                    "title": "Pulp Fiction",
                    "vote_average": 8.3,
                    "vote_count": 10910,
                  },
                  Object {
                    "budget": 0,
                    "genres": Array [
                      "Action",
                      "Adventure",
                      "Science Fiction",
                    ],
                    "id": 447365,
                    "overview": "The third film based on Marvel's Guardians of the Galaxy.",
                    "poster_path": "https://image.tmdb.org/t/p/w500/ldoY4fTZkGISMidNw60GHoNdgP8.jpg",
                    "release_date": "2020-05-01",
                    "revenue": 0,
                    "runtime": null,
                    "tagline": "",
                    "title": "Guardians of the Galaxy Vol. 3",
                    "vote_average": 0,
                    "vote_count": 9,
                  },
                  Object {
                    "budget": 0,
                    "genres": Array [
                      "Science Fiction",
                      "Action",
                      "Adventure",
                    ],
                    "id": 424785,
                    "overview": "Plot unknown.",
                    "poster_path": "https://image.tmdb.org/t/p/w500/432BowXw7a4fWXSONxBaFKqvW4f.jpg",
                    "release_date": "2019-06-26",
                    "revenue": 0,
                    "runtime": null,
                    "tagline": "",
                    "title": "Transformers 7",
                    "vote_average": 0,
                    "vote_count": 0,
                  },
                  Object {
                    "budget": 0,
                    "genres": Array [
                      "Action",
                      "Adventure",
                      "Science Fiction",
                    ],
                    "id": 299534,
                    "overview": "The culmination of the Marvel Cinematic Universe.",
                    "poster_path": "https://image.tmdb.org/t/p/w500/aMETsaNNcDc6g5ZatQtVbySnSaA.jpg",
                    "release_date": "2019-04-24",
                    "revenue": 0,
                    "runtime": null,
                    "tagline": "",
                    "title": "Untitled Avengers",
                    "vote_average": 0,
                    "vote_count": 9,
                  },
                  Object {
                    "budget": 0,
                    "genres": Array [
                      "Action",
                      "Adventure",
                      "Fantasy",
                      "Science Fiction",
                    ],
                    "id": 287947,
                    "overview": "We all have a superhero inside us, it just takes a bit of magic to bring it out. In Billy Batson's case, by shouting out one word--SHAZAM!--this streetwise 14-year-old foster kid can turn into the adult superhero Shazam, courtesy of an ancient wizard.Still a kid at heart--inside a ripped, godlike body--Shazam revels in this adult version of himself by doing what any teen would do with superpowers: have fun with them! Can he fly? Does he have X-ray vision? Can he shoot lightning out of his hands? Can he skip his social studies test? Shazam sets out to test the limits of his abilities with the joyful recklessness of a child. But he'll need to master these powers quickly in order to fight the deadly forces of evil controlled by Doctor Thaddeus Sivana.",
                    "poster_path": "https://image.tmdb.org/t/p/w500/yUOJHa9XmB1H0iYodG9Kb3YCc9T.jpg",
                    "release_date": "2019-04-05",
                    "revenue": 0,
                    "runtime": null,
                    "tagline": "",
                    "title": "Shazam!",
                    "vote_average": 0,
                    "vote_count": 5,
                  },
                ]
              }
              onSearch={[Function]}
              searchBy="title"
              selectedItem={null}
              sortBy="release_date"
              value=""
            />,
            <Items
              appState="search page"
              items={
                Array [
                  Object {
                    "budget": 8000000,
                    "genres": Array [
                      "Thriller",
                      "Crime",
                    ],
                    "id": 680,
                    "overview": "A burger-loving hit man, his philosophical partner, a drug-addled gangster's moll and a washed-up boxer converge in this sprawling, comedic crime caper. Their adventures unfurl in three stories that ingeniously trip back and forth in time.",
                    "poster_path": "https://image.tmdb.org/t/p/w500/dM2w364MScsjFf8pfMbaWUcWrR.jpg",
                    "release_date": "1994-09-10",
                    "revenue": 213928762,
                    "runtime": 154,
                    "tagline": "Just because you are a character doesn't mean you have character.",
                    "title": "Pulp Fiction",
                    "vote_average": 8.3,
                    "vote_count": 10910,
                  },
                  Object {
                    "budget": 0,
                    "genres": Array [
                      "Action",
                      "Adventure",
                      "Science Fiction",
                    ],
                    "id": 447365,
                    "overview": "The third film based on Marvel's Guardians of the Galaxy.",
                    "poster_path": "https://image.tmdb.org/t/p/w500/ldoY4fTZkGISMidNw60GHoNdgP8.jpg",
                    "release_date": "2020-05-01",
                    "revenue": 0,
                    "runtime": null,
                    "tagline": "",
                    "title": "Guardians of the Galaxy Vol. 3",
                    "vote_average": 0,
                    "vote_count": 9,
                  },
                  Object {
                    "budget": 0,
                    "genres": Array [
                      "Science Fiction",
                      "Action",
                      "Adventure",
                    ],
                    "id": 424785,
                    "overview": "Plot unknown.",
                    "poster_path": "https://image.tmdb.org/t/p/w500/432BowXw7a4fWXSONxBaFKqvW4f.jpg",
                    "release_date": "2019-06-26",
                    "revenue": 0,
                    "runtime": null,
                    "tagline": "",
                    "title": "Transformers 7",
                    "vote_average": 0,
                    "vote_count": 0,
                  },
                  Object {
                    "budget": 0,
                    "genres": Array [
                      "Action",
                      "Adventure",
                      "Science Fiction",
                    ],
                    "id": 299534,
                    "overview": "The culmination of the Marvel Cinematic Universe.",
                    "poster_path": "https://image.tmdb.org/t/p/w500/aMETsaNNcDc6g5ZatQtVbySnSaA.jpg",
                    "release_date": "2019-04-24",
                    "revenue": 0,
                    "runtime": null,
                    "tagline": "",
                    "title": "Untitled Avengers",
                    "vote_average": 0,
                    "vote_count": 9,
                  },
                  Object {
                    "budget": 0,
                    "genres": Array [
                      "Action",
                      "Adventure",
                      "Fantasy",
                      "Science Fiction",
                    ],
                    "id": 287947,
                    "overview": "We all have a superhero inside us, it just takes a bit of magic to bring it out. In Billy Batson's case, by shouting out one word--SHAZAM!--this streetwise 14-year-old foster kid can turn into the adult superhero Shazam, courtesy of an ancient wizard.Still a kid at heart--inside a ripped, godlike body--Shazam revels in this adult version of himself by doing what any teen would do with superpowers: have fun with them! Can he fly? Does he have X-ray vision? Can he shoot lightning out of his hands? Can he skip his social studies test? Shazam sets out to test the limits of his abilities with the joyful recklessness of a child. But he'll need to master these powers quickly in order to fight the deadly forces of evil controlled by Doctor Thaddeus Sivana.",
                    "poster_path": "https://image.tmdb.org/t/p/w500/yUOJHa9XmB1H0iYodG9Kb3YCc9T.jpg",
                    "release_date": "2019-04-05",
                    "revenue": 0,
                    "runtime": null,
                    "tagline": "",
                    "title": "Shazam!",
                    "vote_average": 0,
                    "vote_count": 5,
                  },
                ]
              }
              onItemClick={[Function]}
              searchBy="title"
              selectedItem={null}
              sortBy="release_date"
              value=""
            />,
            <Footer />,
          ],
        },
        "ref": null,
        "rendered": Array [
          Object {
            "instance": null,
            "key": undefined,
            "nodeType": "class",
            "props": Object {
              "appState": "search page",
              "goToSearchPage": [Function],
              "items": Array [
                Object {
                  "budget": 8000000,
                  "genres": Array [
                    "Thriller",
                    "Crime",
                  ],
                  "id": 680,
                  "overview": "A burger-loving hit man, his philosophical partner, a drug-addled gangster's moll and a washed-up boxer converge in this sprawling, comedic crime caper. Their adventures unfurl in three stories that ingeniously trip back and forth in time.",
                  "poster_path": "https://image.tmdb.org/t/p/w500/dM2w364MScsjFf8pfMbaWUcWrR.jpg",
                  "release_date": "1994-09-10",
                  "revenue": 213928762,
                  "runtime": 154,
                  "tagline": "Just because you are a character doesn't mean you have character.",
                  "title": "Pulp Fiction",
                  "vote_average": 8.3,
                  "vote_count": 10910,
                },
                Object {
                  "budget": 0,
                  "genres": Array [
                    "Action",
                    "Adventure",
                    "Science Fiction",
                  ],
                  "id": 447365,
                  "overview": "The third film based on Marvel's Guardians of the Galaxy.",
                  "poster_path": "https://image.tmdb.org/t/p/w500/ldoY4fTZkGISMidNw60GHoNdgP8.jpg",
                  "release_date": "2020-05-01",
                  "revenue": 0,
                  "runtime": null,
                  "tagline": "",
                  "title": "Guardians of the Galaxy Vol. 3",
                  "vote_average": 0,
                  "vote_count": 9,
                },
                Object {
                  "budget": 0,
                  "genres": Array [
                    "Science Fiction",
                    "Action",
                    "Adventure",
                  ],
                  "id": 424785,
                  "overview": "Plot unknown.",
                  "poster_path": "https://image.tmdb.org/t/p/w500/432BowXw7a4fWXSONxBaFKqvW4f.jpg",
                  "release_date": "2019-06-26",
                  "revenue": 0,
                  "runtime": null,
                  "tagline": "",
                  "title": "Transformers 7",
                  "vote_average": 0,
                  "vote_count": 0,
                },
                Object {
                  "budget": 0,
                  "genres": Array [
                    "Action",
                    "Adventure",
                    "Science Fiction",
                  ],
                  "id": 299534,
                  "overview": "The culmination of the Marvel Cinematic Universe.",
                  "poster_path": "https://image.tmdb.org/t/p/w500/aMETsaNNcDc6g5ZatQtVbySnSaA.jpg",
                  "release_date": "2019-04-24",
                  "revenue": 0,
                  "runtime": null,
                  "tagline": "",
                  "title": "Untitled Avengers",
                  "vote_average": 0,
                  "vote_count": 9,
                },
                Object {
                  "budget": 0,
                  "genres": Array [
                    "Action",
                    "Adventure",
                    "Fantasy",
                    "Science Fiction",
                  ],
                  "id": 287947,
                  "overview": "We all have a superhero inside us, it just takes a bit of magic to bring it out. In Billy Batson's case, by shouting out one word--SHAZAM!--this streetwise 14-year-old foster kid can turn into the adult superhero Shazam, courtesy of an ancient wizard.Still a kid at heart--inside a ripped, godlike body--Shazam revels in this adult version of himself by doing what any teen would do with superpowers: have fun with them! Can he fly? Does he have X-ray vision? Can he shoot lightning out of his hands? Can he skip his social studies test? Shazam sets out to test the limits of his abilities with the joyful recklessness of a child. But he'll need to master these powers quickly in order to fight the deadly forces of evil controlled by Doctor Thaddeus Sivana.",
                  "poster_path": "https://image.tmdb.org/t/p/w500/yUOJHa9XmB1H0iYodG9Kb3YCc9T.jpg",
                  "release_date": "2019-04-05",
                  "revenue": 0,
                  "runtime": null,
                  "tagline": "",
                  "title": "Shazam!",
                  "vote_average": 0,
                  "vote_count": 5,
                },
              ],
              "onSearch": [Function],
              "searchBy": "title",
              "selectedItem": null,
              "sortBy": "release_date",
              "value": "",
            },
            "ref": null,
            "rendered": null,
            "type": [Function],
          },
          Object {
            "instance": null,
            "key": undefined,
            "nodeType": "class",
            "props": Object {
              "appState": "search page",
              "items": Array [
                Object {
                  "budget": 8000000,
                  "genres": Array [
                    "Thriller",
                    "Crime",
                  ],
                  "id": 680,
                  "overview": "A burger-loving hit man, his philosophical partner, a drug-addled gangster's moll and a washed-up boxer converge in this sprawling, comedic crime caper. Their adventures unfurl in three stories that ingeniously trip back and forth in time.",
                  "poster_path": "https://image.tmdb.org/t/p/w500/dM2w364MScsjFf8pfMbaWUcWrR.jpg",
                  "release_date": "1994-09-10",
                  "revenue": 213928762,
                  "runtime": 154,
                  "tagline": "Just because you are a character doesn't mean you have character.",
                  "title": "Pulp Fiction",
                  "vote_average": 8.3,
                  "vote_count": 10910,
                },
                Object {
                  "budget": 0,
                  "genres": Array [
                    "Action",
                    "Adventure",
                    "Science Fiction",
                  ],
                  "id": 447365,
                  "overview": "The third film based on Marvel's Guardians of the Galaxy.",
                  "poster_path": "https://image.tmdb.org/t/p/w500/ldoY4fTZkGISMidNw60GHoNdgP8.jpg",
                  "release_date": "2020-05-01",
                  "revenue": 0,
                  "runtime": null,
                  "tagline": "",
                  "title": "Guardians of the Galaxy Vol. 3",
                  "vote_average": 0,
                  "vote_count": 9,
                },
                Object {
                  "budget": 0,
                  "genres": Array [
                    "Science Fiction",
                    "Action",
                    "Adventure",
                  ],
                  "id": 424785,
                  "overview": "Plot unknown.",
                  "poster_path": "https://image.tmdb.org/t/p/w500/432BowXw7a4fWXSONxBaFKqvW4f.jpg",
                  "release_date": "2019-06-26",
                  "revenue": 0,
                  "runtime": null,
                  "tagline": "",
                  "title": "Transformers 7",
                  "vote_average": 0,
                  "vote_count": 0,
                },
                Object {
                  "budget": 0,
                  "genres": Array [
                    "Action",
                    "Adventure",
                    "Science Fiction",
                  ],
                  "id": 299534,
                  "overview": "The culmination of the Marvel Cinematic Universe.",
                  "poster_path": "https://image.tmdb.org/t/p/w500/aMETsaNNcDc6g5ZatQtVbySnSaA.jpg",
                  "release_date": "2019-04-24",
                  "revenue": 0,
                  "runtime": null,
                  "tagline": "",
                  "title": "Untitled Avengers",
                  "vote_average": 0,
                  "vote_count": 9,
                },
                Object {
                  "budget": 0,
                  "genres": Array [
                    "Action",
                    "Adventure",
                    "Fantasy",
                    "Science Fiction",
                  ],
                  "id": 287947,
                  "overview": "We all have a superhero inside us, it just takes a bit of magic to bring it out. In Billy Batson's case, by shouting out one word--SHAZAM!--this streetwise 14-year-old foster kid can turn into the adult superhero Shazam, courtesy of an ancient wizard.Still a kid at heart--inside a ripped, godlike body--Shazam revels in this adult version of himself by doing what any teen would do with superpowers: have fun with them! Can he fly? Does he have X-ray vision? Can he shoot lightning out of his hands? Can he skip his social studies test? Shazam sets out to test the limits of his abilities with the joyful recklessness of a child. But he'll need to master these powers quickly in order to fight the deadly forces of evil controlled by Doctor Thaddeus Sivana.",
                  "poster_path": "https://image.tmdb.org/t/p/w500/yUOJHa9XmB1H0iYodG9Kb3YCc9T.jpg",
                  "release_date": "2019-04-05",
                  "revenue": 0,
                  "runtime": null,
                  "tagline": "",
                  "title": "Shazam!",
                  "vote_average": 0,
                  "vote_count": 5,
                },
              ],
              "onItemClick": [Function],
              "searchBy": "title",
              "selectedItem": null,
              "sortBy": "release_date",
              "value": "",
            },
            "ref": null,
            "rendered": null,
            "type": [Function],
          },
          Object {
            "instance": null,
            "key": undefined,
            "nodeType": "class",
            "props": Object {},
            "ref": null,
            "rendered": null,
            "type": [Function],
          },
        ],
        "type": [Function],
      },
      "type": [Function],
    },
  ],
  Symbol(enzyme.__options__): Object {
    "adapter": ReactSixteenAdapter {
      "options": Object {
        "enableComponentDidUpdateOnSetState": true,
      },
    },
  },
}
`;
