// Jest Snapshot v1, https://goo.gl/fbAQLP

exports[`ErrorBoundary should be like snapshot 1`] = `
ShallowWrapper {
  "length": 1,
  Symbol(enzyme.__root__): [Circular],
  Symbol(enzyme.__unrendered__): <ErrorBoundary />,
  Symbol(enzyme.__renderer__): Object {
    "batchedUpdates": [Function],
    "getNode": [Function],
    "render": [Function],
    "simulateEvent": [Function],
    "unmount": [Function],
  },
  Symbol(enzyme.__node__): Object {
    "instance": null,
    "key": undefined,
    "nodeType": "host",
    "props": Object {
      "children": Array [
        <h2>
          Something went wrong.
        </h2>,
        <details
          style={
            Object {
              "whiteSpace": "pre-wrap",
            }
          }
        >
          error
          <br />
        </details>,
      ],
    },
    "ref": null,
    "rendered": Array [
      Object {
        "instance": null,
        "key": undefined,
        "nodeType": "host",
        "props": Object {
          "children": "Something went wrong.",
        },
        "ref": null,
        "rendered": "Something went wrong.",
        "type": "h2",
      },
      Object {
        "instance": null,
        "key": undefined,
        "nodeType": "host",
        "props": Object {
          "children": Array [
            "error",
            <br />,
            undefined,
          ],
          "style": Object {
            "whiteSpace": "pre-wrap",
          },
        },
        "ref": null,
        "rendered": Array [
          "error",
          Object {
            "instance": null,
            "key": undefined,
            "nodeType": "host",
            "props": Object {},
            "ref": null,
            "rendered": null,
            "type": "br",
          },
          undefined,
        ],
        "type": "details",
      },
    ],
    "type": "div",
  },
  Symbol(enzyme.__nodes__): Array [
    Object {
      "instance": null,
      "key": undefined,
      "nodeType": "host",
      "props": Object {
        "children": Array [
          <h2>
            Something went wrong.
          </h2>,
          <details
            style={
              Object {
                "whiteSpace": "pre-wrap",
              }
            }
          >
            error
            <br />
          </details>,
        ],
      },
      "ref": null,
      "rendered": Array [
        Object {
          "instance": null,
          "key": undefined,
          "nodeType": "host",
          "props": Object {
            "children": "Something went wrong.",
          },
          "ref": null,
          "rendered": "Something went wrong.",
          "type": "h2",
        },
        Object {
          "instance": null,
          "key": undefined,
          "nodeType": "host",
          "props": Object {
            "children": Array [
              "error",
              <br />,
              undefined,
            ],
            "style": Object {
              "whiteSpace": "pre-wrap",
            },
          },
          "ref": null,
          "rendered": Array [
            "error",
            Object {
              "instance": null,
              "key": undefined,
              "nodeType": "host",
              "props": Object {},
              "ref": null,
              "rendered": null,
              "type": "br",
            },
            undefined,
          ],
          "type": "details",
        },
      ],
      "type": "div",
    },
  ],
  Symbol(enzyme.__options__): Object {
    "adapter": ReactSixteenAdapter {
      "options": Object {
        "enableComponentDidUpdateOnSetState": true,
      },
    },
  },
}
`;
